<?xml version="1.0" ?>
<neodetect version="1.0">
   <!--Generated by neodetect.py, result is not 100%, visit your doctor!-->
   <img>
      <name>./97.jpg</name>
      <result>Healthy</result>
   </img>
   <img>
      <name>./98.jpg</name>
      <result>Healthy</result>
   </img>
   <img>
      <name>./183.jpg</name>
      <error>cannot detect disc for img, skipping</error>
   </img>
   <img>
      <name>./100.jpg</name>
      <result>Healthy</result>
   </img>
   <img>
      <name>./195.jpg</name>
      <error>cannot detect disc for img, skipping</error>
   </img>
   <img>
      <name>./187.jpg</name>
      <result>
         Healthy
         <neovascularization>Neovascularization detected</neovascularization>
         <x>1035</x>
         <y>1146</y>
      </result>
   </img>
   <img>
      <name>./186.jpg</name>
      <result>Healthy</result>
   </img>
   <img>
      <name>./184.jpg</name>
      <result>Healthy</result>
   </img>
   <img>
      <name>./185.jpg</name>
      <error>cannot detect disc for img, skipping</error>
   </img>
   <img>
      <name>./176.jpg</name>
      <result>Healthy</result>
   </img>
</neodetect>
